candidate90 works 106 True
candidate90 works 109 True
candidate90 works 105 True
candidate90 works 104 True
candidate90 works 107 True
candidate90 works 108 True
candidate90 works 102 True
candidate90 works 100 True
candidate90 works 103 True
candidate90 works 101 True
candidate90 trenches 103 True
candidate90 trenches 108 True
candidate90 trenches 104 True
candidate90 trenches 107 True
candidate90 trenches 105 True
candidate90 trenches 102 True
candidate90 trenches 106 True
candidate90 trenches 101 True
candidate90 trenches 109 True
candidate90 trenches 100 True
legacy works 108 True
legacy works 106 True
legacy works 109 True
legacy works 107 True
legacy works 102 True
legacy works 101 True
legacy works 104 True
legacy works 105 True
legacy works 100 True
legacy works 103 True
legacy trenches 107 True
legacy trenches 104 True
legacy trenches 101 True
legacy trenches 105 True
legacy trenches 106 True
legacy trenches 108 True
legacy trenches 102 True
legacy trenches 109 True
legacy trenches 103 True
legacy trenches 100 True
parity exit 0
