Unreal/Source/ArmyPrototype/Sim/BattleSim.cpp: OK
Unreal/Source/ArmyPrototype/Sim/BattleSim.h: OK
Unreal/Source/ArmyPrototype/Sim/BeliefSim.cpp: OK
Unreal/Source/ArmyPrototype/Sim/BeliefSim.h: OK
Unreal/Source/ArmyPrototype/Sim/CognitiveSim.cpp: OK
Unreal/Source/ArmyPrototype/Sim/CognitiveSim.h: OK
Unreal/Source/ArmyPrototype/Sim/CommandSim.cpp: OK
Unreal/Source/ArmyPrototype/Sim/CommandSim.h: OK
Unreal/Source/ArmyPrototype/Sim/CoordinationSim.cpp: OK
Unreal/Source/ArmyPrototype/Sim/CoordinationSim.h: OK
Unreal/Source/ArmyPrototype/Sim/Diagnostics.cpp: OK
Unreal/Source/ArmyPrototype/Sim/Diagnostics.h: OK
Unreal/Source/ArmyPrototype/Sim/EnvironmentSim.cpp: OK
Unreal/Source/ArmyPrototype/Sim/ManeuverSim.cpp: OK
Unreal/Source/ArmyPrototype/Sim/ManeuverSim.h: OK
Unreal/Source/ArmyPrototype/Sim/PerceptionSim.cpp: OK
Unreal/Source/ArmyPrototype/Sim/PerceptionSim.h: OK
Unreal/Source/ArmyPrototype/Sim/PlanSim.cpp: OK
Unreal/Source/ArmyPrototype/Sim/PlanSim.h: OK
Unreal/Source/ArmyPrototype/Sim/PlatoonSim.cpp: OK
Unreal/Source/ArmyPrototype/Sim/PlatoonSim.h: OK
Unreal/Source/ArmyPrototype/Sim/ReactionSim.cpp: OK
Unreal/Source/ArmyPrototype/Sim/ReactionSim.h: OK
Unreal/Source/ArmyPrototype/Sim/RecoverySim.cpp: OK
Unreal/Source/ArmyPrototype/Sim/RecoverySim.h: OK
Unreal/Source/ArmyPrototype/Sim/SpatialSim.cpp: OK
Unreal/Source/ArmyPrototype/Sim/TacticalRouteSim.cpp: OK
Unreal/Source/ArmyPrototype/Sim/TacticalRouteSim.h: OK
Unreal/Source/ArmyPrototype/Sim/TaskSim.cpp: OK
Unreal/Source/ArmyPrototype/Sim/TaskSim.h: OK
Unreal/Source/ArmyPrototype/Sim/TerrainSim.cpp: OK
Unreal/Source/ArmyPrototype/Sim/TrafficSim.cpp: OK
Unreal/Source/ArmyPrototype/Sim/TrafficSim.h: OK
tools/evaluate_routes.py: OK
tests/ai_acceptance.json: OK
tests/ai_validation_v2.json: OK
