Route fixture: status=complete expansions=41 exposed=15.2381 -> 4.06868 seconds
Route arrival: claims assigned cover and takes its firing peek
Trenches: recessed floor, raised earth, ramps, connected detour and deployment verified
Geometry knowledge: hidden mutation preserves received orders and movement before observation
Deathmatch: elimination/timer results, sector search, no centre capture, protected regroup and 136 individual cover objects verified
Platoon: report/relay/order reactions, north/south coordination, stale knowledge, local danger veto, expiry and succession verified
Reassessment: delayed covered push/withdrawal, heavier resistance, quiet search, stale cover release, suppression veto and support follow verified
Tracks: confidence, uncertainty, negative observation, occlusion, passed-position decay and stale-report rejection verified
Prepared assault: eight seconds of crossing-specific fire, reset on gap, pause on lost support verified
Commitments: one pause, no unchanged-fire retries, cleared-track search, delayed fire evidence verified
Rifle suppression: remembered fire, expiry, specific track/crossing delivery evidence verified
Lab: geometry revisions/IDs, spatial equivalence, trace on/off/detail determinism, causal order links, tick-boundary changes and stable cover verified
MG encounter matrix: 3 layouts x 3 seeds, covering rounds=3260 flank-group hits on MG=1 pauses=19 blocked frames=2888 (individual outcomes vary)
MG encounter group closure: 9/9
Fixed defender: 3/3 eliminated within six minutes
Recorded vertical dispersion: above and below aim; longest stationary MG burst: 18 rounds
Coordination integration: paired move/cover frames=4717 completed bounds=209 window-team rounds=118 passage waits=3174 useful support reports=18429
Hold-and-engage firing samples=86314
Building integration: upper window shots=837 ground window shots=2304 stair samples=1188
Squad integration: wounded rear rounds=1014 holding-fire samples=4942 lane-clearance samples=11613 flank frames=21742 fallback frames=2455 friendly hits=57
PASS: delayed officer/NCO orders, overwatch assignments, reports up the chain, succession, aim acquisition and suppression, crouched hitboxes, protected low-cover positions, pop-up firing, reload shelter, default observation, suppression/reload shelter, active wounded support, minimal corner clearance, gravity, finite cover, moving-target collisions, replay timing, cover commitment/settling/peeking, suppression response, reservations, personal knowledge, navigation, determinism, health invariants
4 large-battle sweep: draw=0 azure=2 ember=2 shots=7430 hits=461 MG-overwatch rounds=2649 crouched samples=28541 pop-up samples=93218 settling samples=1163 cover-fire samples=23197 remembered-contact samples=188338
Default battle: 360s; 2531 shots; winner=1; Time limit: more surviving soldiers wins.
Elapsed: 246.846s

real	4m52.527s
user	4m14.848s
sys	0m37.404s
exit=0
